[13-02-2023 16:51:40] [INFO] MegaVoltsPP initialization..
[13-02-2023 16:51:40] [INFO] Loading settings..
[13-02-2023 16:51:40] [INFO] Settings loaded..
[13-02-2023 16:51:40] [ERROR] CServer::Run() - Running server on: 127.0.0.1:12000
[13-02-2023 16:51:40] [ERROR] CServer::Run() - m_useEncryption: true
[13-02-2023 16:51:40] [ERROR] CServer::Run() - m_useMultithreaded: true
[13-02-2023 16:51:40] [ERROR] CServer::Run() - m_concurrentThreads: 8 out of 8
[13-02-2023 16:51:42] [INFO] CSession()->Send() (16 bytes)
Order: 0x191
0A 00 00 00 40 64 22 00 00 00 00 00 7E 4E EA 63
[13-02-2023 16:51:42] [INFO] CFrontServer() - Sent engine server connection acknowledge
[13-02-2023 16:51:42] [INFO] CFrontServer() - [Crypto key: 0] [Server time: 02/13/23 18:51:42 GTB Standard Time] [Time zone: GMT+2]
[13-02-2023 16:51:42] [INFO] CSession::OnPacket() - Received packet of size 124
[13-02-2023 16:51:42] [INFO] CSession()->onPacket() (124 bytes)
Order: 0x16
00 00 00 00 84 05 34 00 00 00 00 00 67 6F 64 31 32 33 00 5F 25 D9 2A F5 CD B6 A7 62 69 8F 48 8E 19 D6 9A 8C E0 51 6C 37 E5 F0 3B 7E A9 C5 A8 A1 73 5B 60 00 7E 4E EA 63 73 77 31 6E 64 6C 65 00 25 25 E1 97 B1 34 34 35 FA 64 2E 98 FD 66 35 B7 F1 DC 1E 57 35 1A 1F DF F2 DC A3 72 15 2A 07 74 A3 A7 70 6F 56 AB F2 82 62 64 21 2B 3D 32 1C AF 74 B5 89 F9 4E A7 40 1F 46 E4 27 00
[13-02-2023 16:51:42] [INFO] CFrontServer() - Received login authorize request from client (id: sw1ndle) (pw: god123)
[13-02-2023 16:51:42] [INFO] CSession()->Send() (88 bytes)
Order: 0x16
04 00 00 00 80 05 01 09 00 40 7A 10 F3 5A 00 00 64 00 00 00 2C 01 00 00 39 05 00 00 45 00 00 00 09 03 00 00 0F 27 00 00 01 00 00 00 BC 01 00 00 73 77 31 6E 64 6C 65 00 00 00 00 00 00 00 00 00 2D 01 2E 01 00 00 00 00 00 00 00 00 00 00 00 00 00 00 00 00 03 00 00 00
[13-02-2023 16:51:42] [INFO] CFrontServer() - Sent login authorize info for (sw1ndle)
[13-02-2023 16:51:42] [INFO] CSession::OnPacket() - Received packet of size 8
[13-02-2023 16:51:42] [INFO] CSession()->onPacket() (8 bytes)
Order: 0x17
00 00 00 00 CB 05 00 09 
[13-02-2023 16:51:42] [INFO] CFrontServer() - Received server info request from client
[13-02-2023 16:51:42] [INFO] CSession()->Send() (12 bytes)
Order: 0x17
0F 00 00 00 C0 05 00 01 01 A4 0A 00
[13-02-2023 16:51:42] [INFO] CFrontServer() - Sent (1) server's channel info
[13-02-2023 16:51:44] [ERROR] CSession::Run() - The peer closed the connection unexpectedly: End of file
[13-02-2023 16:51:44] [INFO] CSession::Close() - Connection closed from  127.0.0.1:1299
[13-02-2023 16:51:44] [INFO] CFrontServer() - Session id: 0 disconnected
[13-02-2023 16:51:47] [INFO] CSession()->Send() (16 bytes)
Order: 0x191
F5 00 00 00 40 64 22 00 00 00 00 00 83 4E EA 63
[13-02-2023 16:51:47] [INFO] CFrontServer() - Sent engine server connection acknowledge
[13-02-2023 16:51:47] [INFO] CFrontServer() - [Crypto key: 0] [Server time: 02/13/23 18:51:47 GTB Standard Time] [Time zone: GMT+2]
[13-02-2023 16:51:47] [INFO] CSession::OnPacket() - Received packet of size 124
[13-02-2023 16:51:47] [INFO] CSession()->onPacket() (124 bytes)
Order: 0x16
00 00 00 00 82 05 34 00 00 00 00 00 67 6F 64 31 32 33 00 CD FA C2 B4 D5 9A 29 66 11 1E A2 28 9B FA C8 AE 59 01 6E 70 B1 19 CC 2A 97 75 CC 41 05 1F D8 5E 00 83 4E EA 63 73 77 31 6E 64 6C 65 00 0B 25 69 95 80 DE 98 C6 17 5F 12 36 ED 53 13 CD CF 42 D5 EB 06 A7 64 7C 29 21 2F DD 93 B9 41 DA 99 DF 8A 78 36 0A 15 ED 47 84 99 82 16 98 5D 9F 41 60 B6 DA B9 72 29 48 F1 E8 7B 00
[13-02-2023 16:51:47] [INFO] CFrontServer() - Received login authorize request from client (id: sw1ndle) (pw: god123)
[13-02-2023 16:51:47] [INFO] CSession()->Send() (88 bytes)
Order: 0x16
F2 00 00 00 80 05 01 09 00 40 7A 10 F3 5A 00 00 64 00 00 00 2C 01 00 00 39 05 00 00 45 00 00 00 09 03 00 00 0F 27 00 00 01 00 00 00 BC 01 00 00 73 77 31 6E 64 6C 65 00 00 00 00 00 00 00 00 00 2D 01 2E 01 00 00 00 00 00 00 00 00 00 00 00 00 00 00 00 00 03 00 00 00
[13-02-2023 16:51:47] [INFO] CFrontServer() - Sent login authorize info for (sw1ndle)
[13-02-2023 16:51:47] [INFO] CSession::OnPacket() - Received packet of size 8
[13-02-2023 16:51:47] [INFO] CSession()->onPacket() (8 bytes)
Order: 0x17
00 00 00 00 C5 05 00 09 
[13-02-2023 16:51:47] [INFO] CFrontServer() - Received server info request from client
[13-02-2023 16:51:47] [INFO] CSession()->Send() (12 bytes)
Order: 0x17
FD 00 00 00 C0 05 00 01 01 A4 0A 00
[13-02-2023 16:51:47] [INFO] CFrontServer() - Sent (1) server's channel info
[13-02-2023 16:51:50] [ERROR] CSession::Run() - The peer closed the connection unexpectedly: End of file
[13-02-2023 16:51:50] [INFO] CSession::Close() - Connection closed from  127.0.0.1:1308
[13-02-2023 16:51:50] [INFO] CFrontServer() - Session id: 65535 disconnected
[13-02-2023 16:51:52] [INFO] CSession()->Send() (16 bytes)
Order: 0x191
F7 00 00 00 40 64 22 00 00 00 00 00 88 4E EA 63
[13-02-2023 16:51:52] [INFO] CFrontServer() - Sent engine server connection acknowledge
[13-02-2023 16:51:52] [INFO] CFrontServer() - [Crypto key: 0] [Server time: 02/13/23 18:51:52 GTB Standard Time] [Time zone: GMT+2]
[13-02-2023 16:51:52] [INFO] CSession::OnPacket() - Received packet of size 124
[13-02-2023 16:51:52] [INFO] CSession()->onPacket() (124 bytes)
Order: 0x16
00 00 00 00 84 05 34 00 00 00 00 00 67 6F 64 31 32 33 00 0E EB 52 92 92 78 21 8E 32 9A 9D AB 46 8F BB A5 6E 98 CD C2 9D FD 20 21 EA B1 B9 98 7B B5 C2 B3 00 88 4E EA 63 73 77 31 6E 64 6C 65 00 0F 18 4C 85 8F 22 4E C9 DA 0B 03 F3 C3 4F 8F 3F 1B 87 90 25 05 FD 75 E2 9D 6B 72 50 8A DD DE 5B A5 5D 72 F0 63 48 48 98 2E FA 0E 83 41 C3 45 65 4C AC 06 D6 6E 26 20 88 BA 15 0C 00
[13-02-2023 16:51:52] [INFO] CFrontServer() - Received login authorize request from client (id: sw1ndle) (pw: god123)
[13-02-2023 16:51:52] [INFO] CSession()->Send() (88 bytes)
Order: 0x16
FF 00 00 00 80 05 01 09 00 40 7A 10 F3 5A 00 00 64 00 00 00 2C 01 00 00 39 05 00 00 45 00 00 00 09 03 00 00 0F 27 00 00 01 00 00 00 BC 01 00 00 73 77 31 6E 64 6C 65 00 00 00 00 00 00 00 00 00 2D 01 2E 01 00 00 00 00 00 00 00 00 00 00 00 00 00 00 00 00 03 00 00 00
[13-02-2023 16:51:52] [INFO] CFrontServer() - Sent login authorize info for (sw1ndle)
[13-02-2023 16:51:52] [INFO] CSession::OnPacket() - Received packet of size 8
[13-02-2023 16:51:52] [INFO] CSession()->onPacket() (8 bytes)
Order: 0x17
00 00 00 00 C9 05 00 09 
[13-02-2023 16:51:52] [INFO] CFrontServer() - Received server info request from client
[13-02-2023 16:51:52] [INFO] CSession()->Send() (12 bytes)
Order: 0x17
F3 00 00 00 C0 05 00 01 01 A4 0A 00
[13-02-2023 16:51:52] [INFO] CFrontServer() - Sent (1) server's channel info
